#-----------------------------------------------------------
# Vivado v2023.1 (64-bit)
# SW Build 3865809 on Sun May  7 15:05:29 MDT 2023
# IP Build 3864474 on Sun May  7 20:36:21 MDT 2023
# SharedData Build 3865790 on Sun May 07 13:33:03 MDT 2023
# Start of session at: Mon Sep 18 23:45:57 2023
# Process ID: 1108
# Current directory: C:/Users/Jules/Excercise1
# Command line: vivado.exe -gui_launcher_event rodinguilauncherevent14404 C:\Users\Jules\Excercise1\Excercise1.xpr
# Log file: C:/Users/Jules/Excercise1/vivado.log
# Journal file: C:/Users/Jules/Excercise1\vivado.jou
# Running On: DESKTOP-M3IS96G, OS: Windows, CPU Frequency: 3110 MHz, CPU Physical cores: 4, Host memory: 8264 MB
#-----------------------------------------------------------
start_gui
open_project C:/Users/Jules/Excercise1/Excercise1.xpr
update_compile_order -fileset sources_1
launch_simulation
reset_simulation -simset sim_1 -mode behavioral
launch_simulation
launch_simulation
reset_simulation -simset sim_1 -mode behavioral
launch_simulation
synth_design -rtl -rtl_skip_mlo -name rtl_1
synth_design -rtl -rtl_skip_mlo -name rtl_1
synth_design -rtl -rtl_skip_mlo -name rtl_1
synth_design -rtl -rtl_skip_mlo -name rtl_1
